stm32f4xx_hal_msp.c:49:6:HAL_MspInit	8	static
stm32f4xx_hal_msp.c:78:6:HAL_ADC_MspInit	40	static
stm32f4xx_hal_msp.c:131:6:HAL_ADC_MspDeInit	0	static
stm32f4xx_hal_msp.c:189:6:HAL_DAC_MspInit	32	static
stm32f4xx_hal_msp.c:216:6:HAL_DAC_MspDeInit	0	static
stm32f4xx_hal_msp.c:239:6:HAL_TIM_Base_MspInit	24	static
stm32f4xx_hal_msp.c:283:6:HAL_TIM_MspPostInit	32	static
stm32f4xx_hal_msp.c:310:6:HAL_TIM_Base_MspDeInit	8	static
stm32f4xx_hal_msp.c:353:6:HAL_UART_MspInit	32	static
stm32f4xx_hal_msp.c:383:6:HAL_UART_MspDeInit	0	static
